Ô£û [3022/3022] Building TMENudos.TCN_01_Fundamentos (9.6s)
trace: .> LEAN_PATH=C:\Users\pablo\OneDrive\Documentos\TME_Nudos\.lake\packages\Cli\.lake\build\lib\lean;C:\Users\pablo\OneDrive\Documentos\TME_Nudos\.lake\packages\batteries\.lake\build\lib\lean;C:\Users\pablo\OneDrive\Documentos\TME_Nudos\.lake\packages\Qq\.lake\build\lib\lean;C:\Users\pablo\OneDrive\Documentos\TME_Nudos\.lake\packages\aesop\.lake\build\lib\lean;C:\Users\pablo\OneDrive\Documentos\TME_Nudos\.lake\packages\proofwidgets\.lake\build\lib\lean;C:\Users\pablo\OneDrive\Documentos\TME_Nudos\.lake\packages\importGraph\.lake\build\lib\lean;C:\Users\pablo\OneDrive\Documentos\TME_Nudos\.lake\packages\LeanSearchClient\.lake\build\lib\lean;C:\Users\pablo\OneDrive\Documentos\TME_Nudos\.lake\packages\plausible\.lake\build\lib\lean;C:\Users\pablo\OneDrive\Documentos\TME_Nudos\.lake\packages\mathlib\.lake\build\lib\lean;C:\Users\pablo\OneDrive\Documentos\TME_Nudos\.lake\build\lib\lean c:\Users\pablo\.elan\toolchains\leanprover--lean4---v4.26.0-rc2\bin\lean.exe C:\Users\pablo\OneDrive\Documentos\TME_Nudos\TMENudos\TCN_01_Fundamentos.lean -o C:\Users\pablo\OneDrive\Documentos\TME_Nudos\.lake\build\lib\lean\TMENudos\TCN_01_Fundamentos.olean -i C:\Users\pablo\OneDrive\Documentos\TME_Nudos\.lake\build\lib\lean\TMENudos\TCN_01_Fundamentos.ilean -c C:\Users\pablo\OneDrive\Documentos\TME_Nudos\.lake\build\ir\TMENudos\TCN_01_Fundamentos.c --setup C:\Users\pablo\OneDrive\Documentos\TME_Nudos\.lake\build\ir\TMENudos\TCN_01_Fundamentos.setup.json --json
warning: TMENudos/TCN_01_Fundamentos.lean:266:3: error: doc-strings should end with a single space or newline

Note: This linter can be disabled with `set_option linter.style.docString false`
warning: TMENudos/TCN_01_Fundamentos.lean:295:3: error: doc-strings should end with a single space or newline

Note: This linter can be disabled with `set_option linter.style.docString false`
warning: TMENudos/TCN_01_Fundamentos.lean:314:3: error: doc-strings should end with a single space or newline

Note: This linter can be disabled with `set_option linter.style.docString false`
warning: TMENudos/TCN_01_Fundamentos.lean:339:3: error: doc-strings should end with a single space or newline

Note: This linter can be disabled with `set_option linter.style.docString false`
warning: TMENudos/TCN_01_Fundamentos.lean:369:3: error: doc-strings should end with a single space or newline

Note: This linter can be disabled with `set_option linter.style.docString false`
warning: TMENudos/TCN_01_Fundamentos.lean:394:18: declaration uses 'sorry'
warning: TMENudos/TCN_01_Fundamentos.lean:394:18: declaration uses 'sorry'
warning: TMENudos/TCN_01_Fundamentos.lean:426:8: unused variable `salidas`

Note: This linter can be disabled with `set_option linter.unusedVariables false`
error: TMENudos/TCN_01_Fundamentos.lean:460:2: unexpected token '/-!'; expected 'lemma'
error: TMENudos/TCN_01_Fundamentos.lean:481:22: Application type mismatch: The argument
  rfl
has type
  ?m.37 = ?m.37
but is expected to have type
  f z = y
in the application
  Ôƒ¿hz, rflÔƒ®
error: TMENudos/TCN_01_Fundamentos.lean:482:8: No goals to be solved
warning: TMENudos/TCN_01_Fundamentos.lean:558:3: error: doc-strings should end with a single space or newline

Note: This linter can be disabled with `set_option linter.style.docString false`
error: TMENudos/TCN_01_Fundamentos.lean:610:6: omega could not prove the goal:
a possible counterexample may satisfy the constraints
  a ÔëÑ 10
where
 a := ╬┤
error: TMENudos/TCN_01_Fundamentos.lean:613:6: omega could not prove the goal:
a possible counterexample may satisfy the constraints
  a Ôëñ -10
where
 a := ╬┤
error: TMENudos/TCN_01_Fundamentos.lean:628:8: Tactic `rewrite` failed: Did not find an occurrence of the pattern
  List.foldl (fun x1 x2 Ôåª x1 + x2) (-(acc + h)) (List.map (fun x Ôåª x * -1) t)
in the target expression
  List.foldl (fun x1 x2 Ôåª x1 + x2) (-acc + h * -1) (List.map (fun x Ôåª x * -1) t) =
    -List.foldl (fun x1 x2 Ôåª x1 + x2) (acc + h) t

case cons
h : Ôäñ
t : List Ôäñ
ih :
  ÔêÇ (acc : Ôäñ),
    List.foldl (fun x1 x2 Ôåª x1 + x2) (-acc) (List.map (fun x Ôåª x * -1) t) = -List.foldl (fun x1 x2 Ôåª x1 + x2) acc t
acc : Ôäñ
Ôèó List.foldl (fun x1 x2 Ôåª x1 + x2) (-acc + h * -1) (List.map (fun x Ôåª x * -1) t) =
    -List.foldl (fun x1 x2 Ôåª x1 + x2) (acc + h) t
error: TMENudos/TCN_01_Fundamentos.lean:636:2: Type mismatch
  h
has type
  List.foldl (fun x1 x2 Ôåª x1 + x2) 0 (List.map (fun x Ôåª -x) l) = -List.foldl (fun x1 x2 Ôåª x1 + x2) 0 l
but is expected to have type
  List.foldl (fun x1 x2 Ôåª x1 + x2) 0 (List.map (fun x Ôåª x * -1) l) = -List.foldl (fun x1 x2 Ôåª x1 + x2) 0 l
error: TMENudos/TCN_01_Fundamentos.lean:648:33: Function expected at
  List.mem_cons_self
but this term has type
  ?m.51 Ôêê ?m.51 :: ?m.52

Note: Expected a function because this term is being applied to the argument
  h
error: TMENudos/TCN_01_Fundamentos.lean:679:33: Function expected at
  List.mem_cons_self
but this term has type
  ?m.51 Ôêê ?m.51 :: ?m.52

Note: Expected a function because this term is being applied to the argument
  h
warning: TMENudos/TCN_01_Fundamentos.lean:708:8: declaration uses 'sorry'
warning: TMENudos/TCN_01_Fundamentos.lean:707:3: error: doc-strings should end with a single space or newline

Note: This linter can be disabled with `set_option linter.style.docString false`
error: TMENudos/TCN_01_Fundamentos.lean:751:10: Unknown identifier `hx`
error: TMENudos/TCN_01_Fundamentos.lean:798:10: Unknown identifier `hx`
error: TMENudos/TCN_01_Fundamentos.lean:830:18: Unknown constant `List.get?_map`
error: TMENudos/TCN_01_Fundamentos.lean:830:2: `simp` made no progress
error: TMENudos/TCN_01_Fundamentos.lean:892:2: No goals to be solved
warning: TMENudos/TCN_01_Fundamentos.lean:897:8: declaration uses 'sorry'
warning: TMENudos/TCN_01_Fundamentos.lean:904:8: declaration uses 'sorry'
warning: TMENudos/TCN_01_Fundamentos.lean:911:8: declaration uses 'sorry'
warning: TMENudos/TCN_01_Fundamentos.lean:921:8: declaration uses 'sorry'
error: Lean exited with code 1
Some required targets logged failures:
- TMENudos.TCN_01_Fundamentos
error: build failed
